vlog -coveropt 3 +acc +cover ../env/m_agent/axi_m_agent_pkg.sv ../env/s_agent/axi_s_agent_pkg.sv ../env/axi_env_pkg.sv ../test/axi_test_pkg.sv ../top/axi_tb_top.sv +incdir+../env/m_agent +incdir+../env/s_agent +incdir+../env +incdir+../test +incdir+../top
QuestaSim-64 vlog 2023.4 Compiler 2023.10 Oct  9 2023
Start time: 14:40:46 on May 11,2026
vlog -coveropt 3 "+acc" "+cover" ../env/m_agent/axi_m_agent_pkg.sv ../env/s_agent/axi_s_agent_pkg.sv ../env/axi_env_pkg.sv ../test/axi_test_pkg.sv ../top/axi_tb_top.sv "+incdir+../env/m_agent" "+incdir+../env/s_agent" "+incdir+../env" "+incdir+../test" "+incdir+../top" 
-- Compiling interface axi_m_inf
-- Compiling package axi_m_agent_pkg
-- Importing package mtiUvm.uvm_pkg (uvm-1.1d Built-in)
** Note: (vlog-2286) ../env/m_agent/axi_m_agent_pkg.sv(11): Using implicit +incdir+/tools/mentor/questa/2023.4/questasim/uvm-1.1d/../verilog_src/uvm-1.1d/src from import uvm_pkg
-- Compiling interface axi_s_inf
-- Compiling package axi_s_agent_pkg
-- Compiling package axi_env_pkg
-- Importing package axi_m_agent_pkg
-- Importing package axi_s_agent_pkg
** Error: (vlog-13069) ** while parsing file included at ../env/axi_env_pkg.sv(14)
** at ../env/axi_coverage.sv(44): near "foreach": syntax error, unexpected "SystemVerilog keyword 'foreach'", expecting "SystemVerilog keyword 'coverpoint'".
-- Compiling package axi_test_pkg
-- Importing package axi_env_pkg
** Error: (vlog-13069) ** while parsing file included at ../env/axi_env_pkg.sv(14)
** at ../env/axi_coverage.sv(44): near "(": syntax error, unexpected '('.
-- Compiling module axi_tb_top
-- Importing package axi_test_pkg
** Error: (vlog-13069) ** while parsing file included at ../env/axi_env_pkg.sv(15)
** at ../env/axi_ref_model.sv(4): near "uvm_component": syntax error, unexpected IDENTIFIER.
** Error: ** while parsing file included at ../env/axi_env_pkg.sv(15)
** at ../env/axi_ref_model.sv(4): Error in class extension specification.
End time: 14:40:47 on May 11,2026, Elapsed time: 0:00:01
Errors: 4, Warnings: 0
