BEGIN 3:axi_m_inf:fast__2:work
    AWREADY :  1:axi_tb_top:fast:work
    ARSIZE :  1:axi_tb_top:fast:work
    BVALID :  1:axi_tb_top:fast:work
    WREADY :  1:axi_tb_top:fast:work
    WSTRB :  1:axi_tb_top:fast:work
    ARADDR :  1:axi_tb_top:fast:work
    WID :  1:axi_tb_top:fast:work
    BREADY :  1:axi_tb_top:fast:work
    AWVALID :  1:axi_tb_top:fast:work
    AWSIZE :  1:axi_tb_top:fast:work
    AWADDR :  1:axi_tb_top:fast:work
    RVALID :  1:axi_tb_top:fast:work
    ARREADY :  1:axi_tb_top:fast:work
    ARBURST :  1:axi_tb_top:fast:work
    BID :  1:axi_tb_top:fast:work
    WLAST :  1:axi_tb_top:fast:work
    ARLEN :  1:axi_tb_top:fast:work
    RREADY :  1:axi_tb_top:fast:work
    BRESP :  1:axi_tb_top:fast:work
    ARVALID :  1:axi_tb_top:fast:work
    ARID :  1:axi_tb_top:fast:work
    RLAST :  1:axi_tb_top:fast:work
    WVALID :  1:axi_tb_top:fast:work
    RID :  1:axi_tb_top:fast:work
    AWBURST :  1:axi_tb_top:fast:work
    AWLEN :  1:axi_tb_top:fast:work
    RDATA :  1:axi_tb_top:fast:work
    AWID :  1:axi_tb_top:fast:work
    WDATA :  1:axi_tb_top:fast:work
END 
BEGIN 3:axi_s_inf:fast__2:work
    AWBURST :  1:axi_tb_top:fast:work
    AWLEN :  1:axi_tb_top:fast:work
    AWID :  1:axi_tb_top:fast:work
    RID :  1:axi_tb_top:fast:work
    ARVALID :  1:axi_tb_top:fast:work
    RREADY :  1:axi_tb_top:fast:work
    WDATA :  1:axi_tb_top:fast:work
    WVALID :  1:axi_tb_top:fast:work
    ARSIZE :  1:axi_tb_top:fast:work
    WSTRB :  1:axi_tb_top:fast:work
    ARREADY :  1:axi_tb_top:fast:work
    ARADDR :  1:axi_tb_top:fast:work
    RLAST :  1:axi_tb_top:fast:work
    WID :  1:axi_tb_top:fast:work
    BREADY :  1:axi_tb_top:fast:work
    AWVALID :  1:axi_tb_top:fast:work
    AWSIZE :  1:axi_tb_top:fast:work
    RDATA :  1:axi_tb_top:fast:work
    AWADDR :  1:axi_tb_top:fast:work
    BRESP :  1:axi_tb_top:fast:work
    AWREADY :  1:axi_tb_top:fast:work
    ARBURST :  1:axi_tb_top:fast:work
    BVALID :  1:axi_tb_top:fast:work
    WREADY :  1:axi_tb_top:fast:work
    WLAST :  1:axi_tb_top:fast:work
    ARLEN :  1:axi_tb_top:fast:work
    RVALID :  1:axi_tb_top:fast:work
    BID :  1:axi_tb_top:fast:work
    ARID :  1:axi_tb_top:fast:work
END 
